I'm sorry, but errors were detected in your script. Please correct the
errors listed below, and try again.


File "game/test.rpy", line 12: expected statement.
    window persistent
          ^

Ren'Py Version: Ren'Py 8.3.4.24120703
Sun Feb  2 17:19:34 2025
